// Vitest Snapshot v1, https://vitest.dev/guide/snapshot.html

exports[`LaTeX.js environments > ** alignment > environments_tex-___alignment.html 1`] = `"<div class="body"><p>text</p><div class="list center"><p>Here are some centered<br>lines of text</p><p>as well as a paragraph.</p></div><p class="continue">Afterwards, we continue as usual.</p><div class="list flushleft"><p>The same is true<br>for a ﬂushleft environment.</p></div><p class="continue">Afterwards, we continue as usual.</p><div class="list flushright"><p>The same is true<br>for a ﬂushright environment.</p></div><p>Yes, this is the last line.</p></div>"`;

exports[`LaTeX.js environments > ** alignment of lists > environments_tex-___alignment_of_lists.html 1`] = `"<div class="body"><div class="list center"><p>Center environment should not center the list.</p><ul class="list"><li><span class="itemlabel"><span class="hbox llap">•</span></span><p>ﬁrst item</p></li><li><span class="itemlabel"><span class="hbox llap">•</span></span><p>second item</p></li></ul></div><p class="continue">But centering command should:</p><ul class="list centering"><li class="centering"><span class="itemlabel"><span class="hbox llap">–</span></span><p class="centering">ﬁrst item</p></li><li class="centering"><span class="itemlabel"><span class="hbox llap"></span></span><p class="centering">second item</p></li><li class="centering"><span class="itemlabel"><span class="hbox llap">•</span></span><p class="centering">third item</p></li></ul><p class="continue">Afterwards, we continue as usual.</p></div>"`;

exports[`LaTeX.js environments > ** comment environment > environments_tex-___comment_environment.html 1`] = `"<div class="body"><p>text more text, but now without space.</p></div>"`;

exports[`LaTeX.js environments > ** description environment > environments_tex-___description_environment.html 1`] = `"<div class="body"><p>a paragraph of text</p><dl class="list"><dt>term 1</dt><dd><p>ﬁrst item</p><p>with a new paragraph</p></dd><dt>term 2</dt><dd><p>second item</p></dd></dl><p class="continue">this belongs to paragraph with description</p></div>"`;

exports[`LaTeX.js environments > ** empty and consecutive itemize environments > environments_tex-___empty_and_consecutive_itemize_environments.html 1`] = `"<div class="body"><ul class="list"></ul><ul class="list"><li><span class="itemlabel"><span class="hbox llap">•</span></span><p>text that doesn’t continue</p></li></ul><ul class="list"></ul></div>"`;

exports[`LaTeX.js environments > ** enumerate environment > environments_tex-___enumerate_environment.html 1`] = `"<div class="body"><p>a paragraph of text</p><ol class="list"><li><span class="itemlabel"><span class="hbox llap"><span><span class="it">label</span></span></span></span><p>ﬁrst item</p><p>with a new paragraph</p></li><li><span class="itemlabel"><span class="hbox llap"><span id="item-1">1.</span></span></span><p>second item</p></li></ol><p class="continue">this belongs to paragraph with enumerate</p></div>"`;

exports[`LaTeX.js environments > ** font environments > environments_tex-___font_environments.html 1`] = `"<div class="body"><p>normal text <span class="small">​ </span><span class="small">small text </span><span class="bf">​ </span><span class="bf">bold text </span><span class="bf">​ </span><span class="small">​ </span>three spaces!</p></div>"`;

exports[`LaTeX.js environments > ** itemize environment > environments_tex-___itemize_environment.html 1`] = `"<div class="body"><p>a paragraph of text</p><ul class="list"><li><span class="itemlabel"><span class="hbox llap">•</span></span><p>ﬁrst item</p><p>with a new paragraph</p></li><li><span class="itemlabel"><span class="hbox llap">•</span></span><p>second item</p></li></ul><p>more text</p><ul class="list"><li><span class="itemlabel"><span class="hbox llap">•</span></span><p>ﬁrst item</p></li><li><span class="itemlabel"><span class="hbox llap">•</span></span><p>second item</p></li></ul><p class="continue">this belongs to paragraph with itemize</p></div>"`;

exports[`LaTeX.js environments > ** nested horizontal environments > environments_tex-___nested_horizontal_environments.html 1`] = `"<div class="body"><p>This is a line​ of​ text.</p></div>"`;

exports[`LaTeX.js environments > ** nested itemize environments (II) > environments_tex-___nested_itemize_environments__II_.html 1`] = `"<div class="body"><p>text before</p><ul class="list"><li><span class="itemlabel"><span class="hbox llap">•</span></span><p>ﬁrst item</p><ul class="list"><li><span class="itemlabel"><span class="hbox llap"><span class="rm bf up">–</span></span></span><p>ﬁrst nested item</p></li></ul></li><li><span class="itemlabel"><span class="hbox llap">•</span></span><p>second item</p></li></ul><p class="continue">text after</p></div>"`;

exports[`LaTeX.js environments > ** nested itemize environments > environments_tex-___nested_itemize_environments.html 1`] = `"<div class="body"><p>text before</p><ul class="list"><li><span class="itemlabel"><span class="hbox llap">•</span></span><p>ﬁrst item</p><ul class="list"><li><span class="itemlabel"><span class="hbox llap"><span class="rm bf up">–</span></span></span><p>ﬁrst nested item</p></li></ul></li></ul><p class="continue">text after</p></div>"`;

exports[`LaTeX.js environments > ** quote, quotation, verse > environments_tex-___quote__quotation__verse.html 1`] = `"<div class="body"><p class="noindent">quote:</p><div class="list quote"><p>Here are some quote<br>lines of text</p><p>as well as a paragraph with special chars [].</p></div><p class="continue">quotation:</p><div class="list quotation"><p>Here are some quotation<br>lines of text</p><p>as well as a paragraph.</p></div><p class="continue">verse:</p><div class="list verse"><p>Here are some verse lines of text lines of text lines of text lines of text lines of text<br>lines of text lines of text lines of text lines of text lines of text lines of text</p><p>as well as a paragraph with trailing newline.<br></p></div><p class="continue">And now we continue without indentation.</p></div>"`;

exports[`LaTeX.js environments > ** single itemize environment, custom labels > environments_tex-___single_itemize_environment__custom_labels.html 1`] = `"<div class="body"><ul class="list"><li><span class="itemlabel"><span class="hbox llap">–</span></span><p>ﬁrst item</p></li><li><span class="itemlabel"><span class="hbox llap"></span></span><p>second item</p></li><li><span class="itemlabel"><span class="hbox llap">•</span></span><p>third item</p></li></ul></div>"`;
