// Vitest Snapshot v1, https://vitest.dev/guide/snapshot.html

exports[`LaTeX.js label-ref > ** back-referencing a section > label-ref_tex-___back_referencing_a_section.html 1`] = `"<div class="body"><h2 id="sec-1">1 Section Name</h2><p>This  is Section <a href="#sec-1">1</a>.</p></div>"`;

exports[`LaTeX.js label-ref > ** empty currentlabel > label-ref_tex-___empty_currentlabel.html 1`] = `"<div class="body"><p>This label is empty: <a href="#"></a>.</p></div>"`;

exports[`LaTeX.js label-ref > ** forward- and back-referencing a label > label-ref_tex-___forward__and_back_referencing_a_label.html 1`] = `"<div class="body"><p>Here is some text with two forward references: <a href="#c-1">1</a> and <a href="#c-1">1</a>. <a id="c-1"></a> Now there is more.</p><p>This  is counter c: <a href="#c-1">1</a>. And another <a href="#c-1">1</a>.</p></div>"`;

exports[`LaTeX.js label-ref > ** forward- and back-referencing a section in a chapter > label-ref_tex-___forward__and_back_referencing_a_section_in_a_chapter.html 1`] = `"<div class="body"><h1 id="sec-1"><div>Chapter 1</div>Labels</h1><p>See Section <a href="#sec-2">1.1</a>.</p><h2 id="sec-2">1.1 Section Name</h2><p>This is Section <a href="#sec-2">1.1</a>.</p></div>"`;

exports[`LaTeX.js label-ref > ** forward-referencing a section > label-ref_tex-___forward_referencing_a_section.html 1`] = `"<div class="body"><p>See Section <a href="#sec-1">1</a>.</p><h2 id="sec-1">1 Section Name</h2></div>"`;

exports[`LaTeX.js label-ref > ** label a section inside > label-ref_tex-___label_a_section_inside.html 1`] = `"<div class="body"><h2 id="sec-1">1 Section Name</h2><p>This is Section <a href="#sec-1">1</a>.</p></div>"`;

exports[`LaTeX.js label-ref > ** labelling an \\\\item > label-ref_tex-___labelling_an___item.html 1`] = `"<div class="body"><p>The most widely‐used format is item number <a href="#item-2">2</a>.</p><ol class="list"><li><span class="itemlabel"><span class="hbox llap"><span id="item-1">1.</span></span></span><p>Plain <span class="tex">T<span class="e">e</span>X</span></p></li><li><span class="itemlabel"><span class="hbox llap"><span id="item-2">2.</span></span></span><p><span class="latex">L<span class="a">a</span>T<span class="e">e</span>X</span></p></li><li><span class="itemlabel"><span class="hbox llap"><span id="item-3">3.</span></span></span><p>Con<span class="tex">T<span class="e">e</span>X</span>t</p></li></ol></div>"`;
