// Vitest Snapshot v1, https://vitest.dev/guide/snapshot.html

exports[`LaTeX.js spacing > ** \\smallskip etc. and \\smallbreak etc.: paragraph breaks with vertical space > spacing_tex-____smallskip_etc__and__smallbreak_etc___paragraph_breaks_with_vertical_space.html 1`] = `"<div class="body"><p>This is just a line of text <span class="vspace-inline smallskip"></span>with an embedded small skip.</p><p>This is just some simple text.</p><span class="vspace medskip"></span><p>A line after the medskip.</p><span class="vspace bigskip"></span><p>A line after the bigskip.</p><p>This is just some simple text.</p><span class="vspace smallskip"></span><p>A line after the smallbreak with just some simple text.</p><span class="vspace medskip"></span><p>A line after the medbreak with just some simple text.</p><span class="vspace bigskip"></span><p>Final line of just some simple text.</p></div>"`;

exports[`LaTeX.js spacing > ** \\vspace{} in horizontal and vertical mode > spacing_tex-____vspace___in_horizontal_and_vertical_mode.html 1`] = `"<div class="body"><p>This is some text, it includes<span class="vspace-inline" style="margin-bottom:37.795px"></span> a vertical space. And some more text.</p><span class="vspace" style="margin-bottom:37.795px"></span><p>And another paragraph.</p></div>"`;

exports[`LaTeX.js spacing > ** different horizontal spaces > spacing_tex-___different_horizontal_spaces.html 1`] = `"<div class="body"><p>Negative thin space: ‐<span class="negthinspace"></span>‐<br>Thin space: ‐ ‐<br>Thin space: ‐ ‐<br>Normal space: ‐ ‐<br>Normal space: ‐​ ‐<br>Non‐break space: ‐ ‐<br>en‐space: ‐ ‐<br>em‐space: ‐ ‐<br>2x em‐space: ‐  ‐<br>3cm horizontal space: ‐<span style="margin-right:113.386px"></span>‐<br></p></div>"`;

exports[`LaTeX.js spacing > ** linebreaks with vertical space > spacing_tex-___linebreaks_with_vertical_space.html 1`] = `"<div class="body"><p>This is just some simple text.<span class="breakspace" style="margin-bottom:37.795px"></span>This is just some simple text.</p></div>"`;
