// Vitest Snapshot v1, https://vitest.dev/guide/snapshot.html

exports[`LaTeX.js whitespace > ** \\ followed by tab or linebreak is also a space > whitespace_tex-_____followed_by_tab_or_linebreak_is_also_a_space.html 1`] = `"<div class="body"><p>some ​ text. And​ these ​ are spaces, but not​ </p><p>this.</p></div>"`;

exports[`LaTeX.js whitespace > ** \\\\ and \\newline do not add spaces (they \\unskip) > whitespace_tex-______and__newline_do_not_add_spaces__they__unskip_.html 1`] = `"<div class="body"><p>ﬁrst line<br>second line</p><p>ﬁrst line<br>second line</p></div>"`;

exports[`LaTeX.js whitespace > ** comments are disregarded and won't add a paragraph > whitespace_tex-___comments_are_disregarded_and_won_t_add_a_paragraph.html 1`] = `"<div class="body"><p>ﬁrst paragraph</p><p>second paragraph</p></div>"`;

exports[`LaTeX.js whitespace > ** comments are disregarded and won't prevent a paragraph > whitespace_tex-___comments_are_disregarded_and_won_t_prevent_a_paragraph.html 1`] = `"<div class="body"><p>ﬁrst paragraph</p><p>second paragraph</p><p>third paragraph</p></div>"`;

exports[`LaTeX.js whitespace > ** comments can remove a linebreak (i.e. space) and thus join lines > whitespace_tex-___comments_can_remove_a_linebreak__i_e__space__and_thus_join_lines.html 1`] = `"<div class="body"><p>This is an example: Supercalifragilisticexpialidocious</p></div>"`;

exports[`LaTeX.js whitespace > ** escaped newlines after an environment > whitespace_tex-___escaped_newlines_after_an_environment.html 1`] = `"<div class="body"><div class="list center"></div><p class="continue">​ </p></div>"`;

exports[`LaTeX.js whitespace > ** escaped newlines at the start of a paragraph > whitespace_tex-___escaped_newlines_at_the_start_of_a_paragraph.html 1`] = `"<div class="body"><p>​ x</p></div>"`;

exports[`LaTeX.js whitespace > ** escaped newlines in an empty document (or at the end of a document) > whitespace_tex-___escaped_newlines_in_an_empty_document__or_at_the_end_of_a_document_.html 1`] = `"<div class="body"><p>​ </p></div>"`;

exports[`LaTeX.js whitespace > ** force a space after a macro with \\ > whitespace_tex-___force_a_space_after_a_macro_with__.html 1`] = `"<div class="body"><p>some ​ text.</p></div>"`;

exports[`LaTeX.js whitespace > ** force a space after a macro with {} > whitespace_tex-___force_a_space_after_a_macro_with___.html 1`] = `"<div class="body"><p>some ​ text.</p></div>"`;

exports[`LaTeX.js whitespace > ** how to force two paragraphs > whitespace_tex-___how_to_force_two_paragraphs.html 1`] = `"<div class="body"><p>text</p><p> </p><p>more text</p></div>"`;

exports[`LaTeX.js whitespace > ** macros without arguments ignore spaces afterwards > whitespace_tex-___macros_without_arguments_ignore_spaces_afterwards.html 1`] = `"<div class="body"><p>some text.</p></div>"`;

exports[`LaTeX.js whitespace > ** more than two newlines, including spaces, equal two newlines > whitespace_tex-___more_than_two_newlines__including_spaces__equal_two_newlines.html 1`] = `"<div class="body"><p>ﬁrst paragraph</p><p>second paragraph</p></div>"`;

exports[`LaTeX.js whitespace > ** one space inside as well as after a group is kept, the rest is compressed or skipped > whitespace_tex-___one_space_inside_as_well_as_after_a_group_is_kept__the_rest_is_compressed_or_skipped.html 1`] = `"<div class="body"><p>text with empty group ​ ​ and more text</p><p>text with a group​ and more text</p><p>text with ​ a group ​ and more text</p><p>text with ​ a group ​ and more text</p><p>text with ​ a group ​ and more text</p></div>"`;

exports[`LaTeX.js whitespace > ** spaces before and after horizontal environments > whitespace_tex-___spaces_before_and_after_horizontal_environments.html 1`] = `"<div class="body"><p>xx ​ text​ text ​ text ​ ​ xx</p></div>"`;

exports[`LaTeX.js whitespace > ** standard double-newline paragraph separation (with OSX and Windows EOL support) > whitespace_tex-___standard_double_newline_paragraph_separation__with_OSX_and_Windows_EOL_support_.html 1`] = `"<div class="body"><p>ﬁrst paragraph</p><p>second paragraph</p></div>"`;

exports[`LaTeX.js whitespace > ** whitespaces are compressed, comments are discarded > whitespace_tex-___whitespaces_are_compressed__comments_are_discarded.html 1`] = `"<div class="body"><p>three</p><p>paragraphs</p><p>separated by par.</p><p>this paragraph has a few words, including a comment.</p></div>"`;
